** Drc report for Untitled.kicad_pcb **
** Created on 2026-05-30T16:06:24-0700 **

** Found 47 DRC violations **
[tracks_crossing]: Tracks crossing
    Rule: netclass 'Default'; error
    @(90.5550 mm, 95.2500 mm): Track [Net-(J1-CC1)] on F.Cu, length 12.7550 mm
    @(90.5550 mm, 96.4500 mm): Track [VBUS] on F.Cu, length 4.9000 mm
[tracks_crossing]: Tracks crossing
    Rule: netclass 'Default'; error
    @(90.5550 mm, 95.2500 mm): Track [Net-(J1-CC1)] on F.Cu, length 12.7550 mm
    @(102.2900 mm, 91.0000 mm): Track [GND] on F.Cu, length 6.0000 mm
[tracks_crossing]: Tracks crossing
    Rule: netclass 'Default'; error
    @(91.4700 mm, 91.0000 mm): Track [GND] on F.Cu, length 7.3200 mm
    @(90.5550 mm, 95.2500 mm): Track [Net-(J1-CC1)] on F.Cu, length 12.7550 mm
[shorting_items]: Items shorting two nets (nets VBUS and VBAT)
    Local override; error
    @(110.5125 mm, 96.4500 mm): Track [VBUS] on F.Cu, length 9.9500 mm
    @(110.5125 mm, 86.5000 mm): Pad 1 [VBAT] of F1 on F.Cu
[tracks_crossing]: Tracks crossing
    Rule: netclass 'Default'; error
    @(103.3100 mm, 95.2500 mm): Track [Net-(J1-CC1)] on F.Cu, length 4.2500 mm
    @(90.5550 mm, 92.2500 mm): Track [Net-(J1-CC2)] on F.Cu, length 12.7550 mm
[tracks_crossing]: Tracks crossing
    Rule: netclass 'Default'; error
    @(90.5550 mm, 95.2500 mm): Track [Net-(J1-CC1)] on F.Cu, length 12.7550 mm
    @(90.5550 mm, 91.5500 mm): Track [VBUS] on F.Cu, length 4.9000 mm
[tracks_crossing]: Tracks crossing
    Rule: netclass 'Default'; error
    @(91.4700 mm, 91.0000 mm): Track [GND] on F.Cu, length 7.3200 mm
    @(90.5550 mm, 92.2500 mm): Track [Net-(J1-CC2)] on F.Cu, length 12.7550 mm
[tracks_crossing]: Tracks crossing
    Rule: netclass 'Default'; error
    @(90.5550 mm, 95.2500 mm): Track [Net-(J1-CC1)] on F.Cu, length 12.7550 mm
    @(103.3100 mm, 92.2500 mm): Track [Net-(J1-CC2)] on F.Cu, length 4.7500 mm
[tracks_crossing]: Tracks crossing
    Rule: netclass 'Default'; error
    @(91.4700 mm, 91.0000 mm): Track [GND] on F.Cu, length 7.3200 mm
    @(90.5550 mm, 96.4500 mm): Track [VBUS] on F.Cu, length 19.9575 mm
[hole_clearance]: Hole clearance violation (board setup constraints hole clearance 0.2500 mm; actual 0.0000 mm)
    Rule: board setup constraints hole; error
    @(102.2900 mm, 91.0000 mm): Track [GND] on F.Cu, length 10.8200 mm
    @(92.0000 mm, 91.1100 mm): NPTH pad of J1
[hole_clearance]: Hole clearance violation (board setup constraints hole clearance 0.2500 mm; actual 0.0300 mm)
    Rule: board setup constraints hole; error
    @(91.4700 mm, 91.0000 mm): Track [GND] on F.Cu, length 7.3200 mm
    @(92.0000 mm, 91.1100 mm): NPTH pad of J1
[courtyards_overlap]: Courtyards overlap
    Rule: board setup constraints courtyard; error
    @(103.6500 mm, 63.1100 mm): Footprint J_PC104_A
    @(103.5700 mm, 58.0750 mm): Footprint J_PC104_B
[solder_mask_bridge]: Front solder mask aperture bridges items with different nets
    Rule: board setup solder mask min width; error
    @(110.5125 mm, 96.4500 mm): Track [VBUS] on F.Cu, length 9.9500 mm
    @(110.5125 mm, 86.5000 mm): Pad 1 [VBAT] of F1 on F.Cu
[solder_mask_bridge]: Front solder mask aperture bridges items with different nets
    Rule: board setup solder mask min width; error
    @(90.5550 mm, 91.5500 mm): Track [VBUS] on F.Cu, length 4.9000 mm
    @(90.5550 mm, 94.2500 mm): Pad A6 [<no net>] of J1 on F.Cu
[solder_mask_bridge]: Front solder mask aperture bridges items with different nets
    Rule: board setup solder mask min width; error
    @(90.5550 mm, 91.5500 mm): Track [VBUS] on F.Cu, length 4.9000 mm
    @(90.5550 mm, 93.7500 mm): Pad A7 [<no net>] of J1 on F.Cu
[solder_mask_bridge]: Front solder mask aperture bridges items with different nets
    Rule: board setup solder mask min width; error
    @(90.5550 mm, 91.5500 mm): Track [VBUS] on F.Cu, length 4.9000 mm
    @(90.5550 mm, 92.7500 mm): Pad A8 [<no net>] of J1 on F.Cu
[solder_mask_bridge]: Front solder mask aperture bridges items with different nets
    Rule: board setup solder mask min width; error
    @(90.5550 mm, 91.5500 mm): Track [VBUS] on F.Cu, length 4.9000 mm
    @(90.5550 mm, 92.2500 mm): Pad B5 [Net-(J1-CC2)] of J1 on F.Cu
[solder_mask_bridge]: Front solder mask aperture bridges items with different nets
    Rule: board setup solder mask min width; error
    @(90.5550 mm, 91.5500 mm): Track [VBUS] on F.Cu, length 4.9000 mm
    @(90.5550 mm, 93.2500 mm): Pad B6 [<no net>] of J1 on F.Cu
[solder_mask_bridge]: Front solder mask aperture bridges items with different nets
    Rule: board setup solder mask min width; error
    @(90.5550 mm, 91.5500 mm): Track [VBUS] on F.Cu, length 4.9000 mm
    @(90.5550 mm, 95.2500 mm): Pad A5 [Net-(J1-CC1)] of J1 on F.Cu
[solder_mask_bridge]: Front solder mask aperture bridges items with different nets
    Rule: board setup solder mask min width; error
    @(90.5550 mm, 91.5500 mm): Track [VBUS] on F.Cu, length 4.9000 mm
    @(90.5550 mm, 94.7500 mm): Pad B7 [<no net>] of J1 on F.Cu
[solder_mask_bridge]: Front solder mask aperture bridges items with different nets
    Rule: board setup solder mask min width; error
    @(90.5550 mm, 91.5500 mm): Track [VBUS] on F.Cu, length 4.9000 mm
    @(90.5550 mm, 95.7500 mm): Pad B8 [<no net>] of J1 on F.Cu
[solder_mask_bridge]: Front solder mask aperture bridges items with different nets
    Rule: board setup solder mask min width; error
    @(90.5550 mm, 96.4500 mm): Track [VBUS] on F.Cu, length 4.9000 mm
    @(90.5550 mm, 94.2500 mm): Pad A6 [<no net>] of J1 on F.Cu
[solder_mask_bridge]: Front solder mask aperture bridges items with different nets
    Rule: board setup solder mask min width; error
    @(90.5550 mm, 96.4500 mm): Track [VBUS] on F.Cu, length 4.9000 mm
    @(90.5550 mm, 93.7500 mm): Pad A7 [<no net>] of J1 on F.Cu
[solder_mask_bridge]: Front solder mask aperture bridges items with different nets
    Rule: board setup solder mask min width; error
    @(90.5550 mm, 96.4500 mm): Track [VBUS] on F.Cu, length 4.9000 mm
    @(90.5550 mm, 92.7500 mm): Pad A8 [<no net>] of J1 on F.Cu
[solder_mask_bridge]: Front solder mask aperture bridges items with different nets
    Rule: board setup solder mask min width; error
    @(90.5550 mm, 96.4500 mm): Track [VBUS] on F.Cu, length 4.9000 mm
    @(90.5550 mm, 92.2500 mm): Pad B5 [Net-(J1-CC2)] of J1 on F.Cu
[solder_mask_bridge]: Front solder mask aperture bridges items with different nets
    Rule: board setup solder mask min width; error
    @(90.5550 mm, 96.4500 mm): Track [VBUS] on F.Cu, length 4.9000 mm
    @(90.5550 mm, 93.2500 mm): Pad B6 [<no net>] of J1 on F.Cu
[solder_mask_bridge]: Front solder mask aperture bridges items with different nets
    Rule: board setup solder mask min width; error
    @(90.5550 mm, 96.4500 mm): Track [VBUS] on F.Cu, length 4.9000 mm
    @(90.5550 mm, 95.2500 mm): Pad A5 [Net-(J1-CC1)] of J1 on F.Cu
[solder_mask_bridge]: Front solder mask aperture bridges items with different nets
    Rule: board setup solder mask min width; error
    @(90.5550 mm, 96.4500 mm): Track [VBUS] on F.Cu, length 4.9000 mm
    @(90.5550 mm, 94.7500 mm): Pad B7 [<no net>] of J1 on F.Cu
[solder_mask_bridge]: Front solder mask aperture bridges items with different nets
    Rule: board setup solder mask min width; error
    @(90.5550 mm, 96.4500 mm): Track [VBUS] on F.Cu, length 4.9000 mm
    @(90.5550 mm, 95.7500 mm): Pad B8 [<no net>] of J1 on F.Cu
[silk_edge_clearance]: Silkscreen clipped by board edge
    Rule: board setup constraints silk; warning
    @(89.2800 mm, 134.4950 mm): Segment on Edge.Cuts
    @(88.9550 mm, 94.0000 mm): Reference field of J1
[silk_edge_clearance]: Silkscreen clipped by board edge
    Rule: board setup constraints silk; warning
    @(89.2800 mm, 55.4950 mm): Segment on Edge.Cuts
    @(95.7800 mm, 51.5450 mm): Reference field of MH_PC104_2
[silk_edge_clearance]: Silkscreen clipped by board edge
    Rule: board setup constraints silk; warning
    @(181.2800 mm, 55.4950 mm): Segment on Edge.Cuts
    @(174.7800 mm, 51.5450 mm): Reference field of MH_PC104_4
[lib_footprint_issues]: The footprint library 'Digitkey_1' was not found at '/Users/dpang/Documents/KiCad/9.0/footprints/Digitkey_1.pretty'.
    Local override; warning
    @(103.6500 mm, 63.1100 mm): Footprint J_PC104_A
[lib_footprint_issues]: The footprint library 'Digitkey_1' was not found at '/Users/dpang/Documents/KiCad/9.0/footprints/Digitkey_1.pretty'.
    Local override; warning
    @(103.5700 mm, 58.0750 mm): Footprint J_PC104_B
[silk_over_copper]: Silkscreen clipped by solder mask
    Local override; warning
    @(104.5550 mm, 57.4150 mm): Reference field of J_PC104_A
[silk_over_copper]: Silkscreen clipped by solder mask
    Local override; warning
    @(112.0000 mm, 84.6700 mm): Reference field of F1
[silk_overlap]: Silkscreen overlap
    Rule: board setup constraints silk; warning
    @(112.0000 mm, 84.0000 mm): Circle of TP16 on F.Silkscreen
    @(112.0000 mm, 84.6700 mm): Reference field of F1
[silk_overlap]: Silkscreen overlap
    Rule: board setup constraints silk; warning
    @(104.5550 mm, 57.4150 mm): Reference field of J_PC104_A
    @(101.6500 mm, 58.0750 mm): Circle of J_PC104_B on F.Silkscreen
[silk_overlap]: Silkscreen overlap
    Rule: board setup constraints silk; warning
    @(104.5550 mm, 57.4150 mm): Reference field of J_PC104_A
    @(102.3000 mm, 59.3450 mm): Segment of J_PC104_B on F.Silkscreen
[silk_overlap]: Silkscreen overlap
    Rule: board setup constraints silk; warning
    @(102.3800 mm, 64.3800 mm): Segment of J_PC104_A on F.Silkscreen
    @(102.3000 mm, 59.3450 mm): Segment of J_PC104_B on F.Silkscreen
[silk_overlap]: Silkscreen overlap
    Rule: board setup constraints silk; warning
    @(102.3800 mm, 64.3800 mm): Segment of J_PC104_A on F.Silkscreen
    @(168.3400 mm, 59.3450 mm): Segment of J_PC104_B on F.Silkscreen
[silk_overlap]: Silkscreen overlap
    Rule: board setup constraints silk; warning
    @(102.3000 mm, 59.3450 mm): Segment of J_PC104_B on F.Silkscreen
    @(168.4200 mm, 59.3000 mm): Segment of J_PC104_A on F.Silkscreen
[silk_overlap]: Silkscreen overlap
    Rule: board setup constraints silk; warning
    @(119.0000 mm, 82.3520 mm): Reference field of TP18
    @(115.5000 mm, 82.3520 mm): Reference field of TP17
[silk_overlap]: Silkscreen overlap
    Rule: board setup constraints silk; warning
    @(168.3400 mm, 54.2650 mm): Segment of J_PC104_B on F.Silkscreen
    @(168.4200 mm, 59.3000 mm): Segment of J_PC104_A on F.Silkscreen
[silk_overlap]: Silkscreen overlap
    Rule: board setup constraints silk; warning
    @(168.3400 mm, 59.3450 mm): Segment of J_PC104_B on F.Silkscreen
    @(168.4200 mm, 59.3000 mm): Segment of J_PC104_A on F.Silkscreen
[silk_overlap]: Silkscreen overlap
    Rule: board setup constraints silk; warning
    @(168.4200 mm, 59.3000 mm): Segment of J_PC104_A on F.Silkscreen
    @(168.3400 mm, 54.2650 mm): Segment of J_PC104_B on F.Silkscreen
[silk_overlap]: Silkscreen overlap
    Rule: board setup constraints silk; warning
    @(168.4200 mm, 59.3000 mm): Segment of J_PC104_A on F.Silkscreen
    @(168.3400 mm, 59.3450 mm): Segment of J_PC104_B on F.Silkscreen

** Found 23 unconnected pads **
[unconnected_items]: Missing connection between items
    Local override; error
    @(139.0000 mm, 132.0000 mm): PTH pad 1 [~{CHRG}] of TP13
    @(145.0000 mm, 136.0000 mm): PTH pad 1 [~{CHRG}] of TP5
[unconnected_items]: Missing connection between items
    Local override; error
    @(120.2900 mm, 112.0000 mm): Pad 2 [+3.3V] of U4 on F.Cu
    @(120.2900 mm, 112.9500 mm): Pad 3 [+3.3V] of U4 on F.Cu
[unconnected_items]: Missing connection between items
    Local override; error
    @(133.0000 mm, 132.0000 mm): PTH pad 1 [POL] of TP12
    @(139.0000 mm, 136.0000 mm): PTH pad 1 [POL] of TP4
[unconnected_items]: Missing connection between items
    Local override; error
    @(111.0000 mm, 119.0000 mm): PTH pad 1 [NTC] of TH1
    @(120.3500 mm, 126.9500 mm): Pad 4 [NTC] of U10 on F.Cu
[unconnected_items]: Missing connection between items
    Local override; error
    @(120.3500 mm, 125.0500 mm): Pad 6 [VHEAT] of U10 on F.Cu
    @(127.6500 mm, 125.0500 mm): Pad 1 [VHEAT] of U11 on F.Cu
[unconnected_items]: Missing connection between items
    Local override; error
    @(90.5550 mm, 90.7500 mm): Pad A12 [GND] of J1 on F.Cu
    @(102.2900 mm, 91.0000 mm): Track [GND] on F.Cu, length 10.8200 mm
[unconnected_items]: Missing connection between items
    Local override; error
    @(91.4700 mm, 89.6800 mm): PTH pad S1 [GND] of J1
    @(102.2900 mm, 91.0000 mm): Track [GND] on F.Cu, length 10.8200 mm
[unconnected_items]: Missing connection between items
    Local override; error
    @(91.4700 mm, 91.0000 mm): Track [GND] on F.Cu, length 7.3200 mm
    @(90.5550 mm, 97.2500 mm): Pad A1 [GND] of J1 on F.Cu
[unconnected_items]: Missing connection between items
    Local override; error
    @(95.6500 mm, 89.6800 mm): PTH pad S1 [GND] of J1
    @(91.4700 mm, 89.6800 mm): PTH pad S1 [GND] of J1
[unconnected_items]: Missing connection between items
    Local override; error
    @(95.6500 mm, 98.3200 mm): PTH pad S1 [GND] of J1
    @(91.4700 mm, 91.0000 mm): Track [GND] on F.Cu, length 7.3200 mm
[unconnected_items]: Missing connection between items
    Local override; error
    @(103.2700 mm, 119.0000 mm): PTH pad 2 [GND] of J2
    @(112.2700 mm, 119.0000 mm): PTH pad 2 [GND] of TH1
[unconnected_items]: Missing connection between items
    Local override; error
    @(112.2700 mm, 119.0000 mm): PTH pad 2 [GND] of TH1
    @(120.2900 mm, 111.0500 mm): Pad 1 [GND] of U4 on F.Cu
[unconnected_items]: Missing connection between items
    Local override; error
    @(115.7900 mm, 93.0500 mm): Pad 1 [GND] of U5 on F.Cu
    @(102.2900 mm, 91.0000 mm): Pad 1 [GND] of R22 on F.Cu
[unconnected_items]: Missing connection between items
    Local override; error
    @(115.7900 mm, 93.0500 mm): Pad 1 [GND] of U5 on F.Cu
    @(120.2900 mm, 111.0500 mm): Pad 1 [GND] of U4 on F.Cu
[unconnected_items]: Missing connection between items
    Local override; error
    @(117.6500 mm, 126.0000 mm): Pad 2 [GND] of U10 on F.Cu
    @(112.2700 mm, 119.0000 mm): PTH pad 2 [GND] of TH1
[unconnected_items]: Missing connection between items
    Local override; error
    @(117.6500 mm, 126.0000 mm): Pad 2 [GND] of U10 on F.Cu
    @(127.6500 mm, 126.0000 mm): Pad 2 [GND] of U11 on F.Cu
[unconnected_items]: Missing connection between items
    Local override; error
    @(127.6500 mm, 126.0000 mm): Pad 2 [GND] of U11 on F.Cu
    @(144.2900 mm, 112.4700 mm): Pad 4 [GND] of U84 on F.Cu
[unconnected_items]: Missing connection between items
    Local override; error
    @(144.2900 mm, 112.4700 mm): Pad 4 [GND] of U84 on F.Cu
    @(147.7100 mm, 112.4700 mm): Pad 5 [GND] of U84 on F.Cu
[unconnected_items]: Missing connection between items
    Local override; error
    @(147.7100 mm, 111.8300 mm): Pad 6 [GND] of U84 on F.Cu
    @(147.7100 mm, 112.4700 mm): Pad 5 [GND] of U84 on F.Cu
[unconnected_items]: Missing connection between items
    Local override; error
    @(176.5800 mm, 75.0000 mm): PTH pad 3 [GND] of J4
    @(147.7100 mm, 111.8300 mm): Pad 6 [GND] of U84 on F.Cu
[unconnected_items]: Missing connection between items
    Local override; error
    @(179.1200 mm, 75.0000 mm): PTH pad 4 [GND] of J4
    @(176.5800 mm, 75.0000 mm): PTH pad 3 [GND] of J4
[unconnected_items]: Missing connection between items
    Local override; error
    @(127.0000 mm, 132.0000 mm): PTH pad 1 [SHDN] of TP11
    @(133.0000 mm, 136.0000 mm): PTH pad 1 [SHDN] of TP3
[unconnected_items]: Missing connection between items
    Local override; error
    @(145.0000 mm, 132.0000 mm): PTH pad 1 [~{ACPR}] of TP14
    @(151.0000 mm, 136.0000 mm): PTH pad 1 [~{ACPR}] of TP6

** Found 0 Footprint errors **

** End of Report **
