** Drc report for Untitled.kicad_pcb **
** Created on 2026-05-30T16:39:46-0700 **

** Found 105 DRC violations **
[clearance]: Clearance violation (netclass 'Default' clearance 0.2000 mm; actual 0.1250 mm)
    Rule: netclass 'Default'; error
    @(124.6500 mm, 131.0500 mm): Pad 1 [VHEAT] of U11 on F.Cu
    @(125.0000 mm, 132.0000 mm): PTH pad 1 [SUSP] of TP2
[shorting_items]: Items shorting two nets (nets GND and SUSP)
    Local override; error
    @(124.6500 mm, 132.0000 mm): Pad 2 [GND] of U11 on F.Cu
    @(125.0000 mm, 132.0000 mm): PTH pad 1 [SUSP] of TP2
[clearance]: Clearance violation (netclass 'Default' clearance 0.2000 mm; actual 0.1250 mm)
    Rule: netclass 'Default'; error
    @(124.6500 mm, 132.9500 mm): Pad 3 [<no net>] of U11 on F.Cu
    @(125.0000 mm, 132.0000 mm): PTH pad 1 [SUSP] of TP2
[clearance]: Clearance violation (netclass 'Default' clearance 0.2000 mm; actual 0.0000 mm)
    Rule: netclass 'Default'; error
    @(171.0000 mm, 93.0000 mm): PTH pad 1 [<no net>] of J6
    @(171.6500 mm, 92.0000 mm): Pad 2 [<no net>] of D2 on F.Cu
[clearance]: Clearance violation (netclass 'Default' clearance 0.2000 mm; actual 0.0000 mm)
    Rule: netclass 'Default'; error
    @(171.0000 mm, 113.0000 mm): PTH pad 1 [<no net>] of J8
    @(171.6500 mm, 112.0000 mm): Pad 2 [<no net>] of D6 on F.Cu
[clearance]: Clearance violation (netclass 'Default' clearance 0.2000 mm; actual 0.0700 mm)
    Rule: netclass 'Default'; error
    @(135.6500 mm, 132.0000 mm): Pad 2 [<no net>] of U3 on F.Cu
    @(137.0000 mm, 132.0000 mm): PTH pad 1 [POL] of TP4
[clearance]: Clearance violation (netclass 'Default' clearance 0.2000 mm; actual 0.0700 mm)
    Rule: netclass 'Default'; error
    @(138.3500 mm, 132.0000 mm): Pad 5 [<no net>] of U3 on F.Cu
    @(137.0000 mm, 132.0000 mm): PTH pad 1 [POL] of TP4
[clearance]: Clearance violation (netclass 'Default' clearance 0.2000 mm; actual 0.0000 mm)
    Rule: netclass 'Default'; error
    @(171.0000 mm, 103.0000 mm): PTH pad 1 [<no net>] of J7
    @(171.6500 mm, 102.0000 mm): Pad 2 [<no net>] of D4 on F.Cu
[clearance]: Clearance violation (netclass 'Default' clearance 0.2000 mm; actual 0.1250 mm)
    Rule: netclass 'Default'; error
    @(148.3500 mm, 132.9500 mm): Pad 4 [<no net>] of U6 on F.Cu
    @(149.0000 mm, 132.0000 mm): PTH pad 1 [~{ACPR}] of TP6
[clearance]: Clearance violation (netclass 'Default' clearance 0.2000 mm; actual 0.1250 mm)
    Rule: netclass 'Default'; error
    @(148.3500 mm, 131.0500 mm): Pad 5 [<no net>] of U6 on F.Cu
    @(149.0000 mm, 132.0000 mm): PTH pad 1 [~{ACPR}] of TP6
[courtyards_overlap]: Courtyards overlap
    Rule: board setup constraints courtyard; error
    @(126.0000 mm, 132.0000 mm): Footprint U11
    @(125.0000 mm, 132.0000 mm): Footprint TP2
[courtyards_overlap]: Courtyards overlap
    Rule: board setup constraints courtyard; error
    @(171.0000 mm, 93.0000 mm): Footprint J6
    @(170.0000 mm, 92.0000 mm): Footprint D2
[courtyards_overlap]: Courtyards overlap
    Rule: board setup constraints courtyard; error
    @(171.0000 mm, 113.0000 mm): Footprint J8
    @(170.0000 mm, 112.0000 mm): Footprint D6
[courtyards_overlap]: Courtyards overlap
    Rule: board setup constraints courtyard; error
    @(119.0000 mm, 132.0000 mm): Footprint TP1
    @(116.0000 mm, 132.0000 mm): Footprint U10
[courtyards_overlap]: Courtyards overlap
    Rule: board setup constraints courtyard; error
    @(133.0000 mm, 116.0000 mm): Footprint BT3
    @(116.0000 mm, 112.0000 mm): Footprint D11
[courtyards_overlap]: Courtyards overlap
    Rule: board setup constraints courtyard; error
    @(133.0000 mm, 116.0000 mm): Footprint BT3
    @(170.0000 mm, 112.0000 mm): Footprint D6
[courtyards_overlap]: Courtyards overlap
    Rule: board setup constraints courtyard; error
    @(137.0000 mm, 132.0000 mm): Footprint U3
    @(137.0000 mm, 132.0000 mm): Footprint TP4
[courtyards_overlap]: Courtyards overlap
    Rule: board setup constraints courtyard; error
    @(171.0000 mm, 103.0000 mm): Footprint J7
    @(170.0000 mm, 102.0000 mm): Footprint D4
[courtyards_overlap]: Courtyards overlap
    Rule: board setup constraints courtyard; error
    @(103.6500 mm, 63.1100 mm): Footprint J_PC104_A
    @(103.5700 mm, 58.0750 mm): Footprint J_PC104_B
[courtyards_overlap]: Courtyards overlap
    Rule: board setup constraints courtyard; error
    @(147.0000 mm, 132.0000 mm): Footprint U6
    @(149.0000 mm, 132.0000 mm): Footprint TP6
[courtyards_overlap]: Courtyards overlap
    Rule: board setup constraints courtyard; error
    @(95.7800 mm, 134.4950 mm): Footprint MH_PC104_3
    @(100.0000 mm, 134.0000 mm): Footprint J3
[solder_mask_bridge]: Front solder mask aperture bridges items with different nets
    Rule: board setup solder mask min width; error
    @(124.6500 mm, 132.0000 mm): Pad 2 [GND] of U11 on F.Cu
    @(125.0000 mm, 132.0000 mm): PTH pad 1 [SUSP] of TP2
[solder_mask_bridge]: Front solder mask aperture bridges items with different nets
    Rule: board setup solder mask min width; error
    @(171.0000 mm, 93.0000 mm): PTH pad 1 [<no net>] of J6
    @(171.6500 mm, 92.0000 mm): Pad 2 [<no net>] of D2 on F.Cu
[solder_mask_bridge]: Front solder mask aperture bridges items with different nets
    Rule: board setup solder mask min width; error
    @(171.0000 mm, 113.0000 mm): PTH pad 1 [<no net>] of J8
    @(171.6500 mm, 112.0000 mm): Pad 2 [<no net>] of D6 on F.Cu
[solder_mask_bridge]: Front solder mask aperture bridges items with different nets
    Rule: board setup solder mask min width; error
    @(171.0000 mm, 103.0000 mm): PTH pad 1 [<no net>] of J7
    @(171.6500 mm, 102.0000 mm): Pad 2 [<no net>] of D4 on F.Cu
[silk_edge_clearance]: Silkscreen clipped by board edge
    Rule: board setup constraints silk; warning
    @(89.2800 mm, 134.4950 mm): Segment on Edge.Cuts
    @(88.9550 mm, 94.0000 mm): Reference field of J1
[silk_edge_clearance]: Silkscreen clipped by board edge
    Rule: board setup constraints silk; warning
    @(89.2800 mm, 55.4950 mm): Segment on Edge.Cuts
    @(95.7800 mm, 51.5450 mm): Reference field of MH_PC104_2
[silk_edge_clearance]: Silkscreen clipped by board edge
    Rule: board setup constraints silk; warning
    @(181.2800 mm, 55.4950 mm): Segment on Edge.Cuts
    @(174.7800 mm, 51.5450 mm): Reference field of MH_PC104_4
[lib_footprint_issues]: The footprint library 'Digitkey_1' was not found at '/Users/dpang/Documents/KiCad/9.0/footprints/Digitkey_1.pretty'.
    Local override; warning
    @(103.6500 mm, 63.1100 mm): Footprint J_PC104_A
[lib_footprint_issues]: The footprint library 'Digitkey_1' was not found at '/Users/dpang/Documents/KiCad/9.0/footprints/Digitkey_1.pretty'.
    Local override; warning
    @(103.5700 mm, 58.0750 mm): Footprint J_PC104_B
[silk_over_copper]: Silkscreen clipped by solder mask
    Local override; warning
    @(113.7500 mm, 107.0000 mm): Segment of D10 on F.Silkscreen
[silk_over_copper]: Silkscreen clipped by solder mask
    Local override; warning
    @(168.6200 mm, 93.0000 mm): Reference field of J6
[silk_over_copper]: Silkscreen clipped by solder mask
    Local override; warning
    @(172.2700 mm, 91.6200 mm): Segment of J6 on F.Silkscreen
[silk_over_copper]: Silkscreen clipped by solder mask
    Local override; warning
    @(172.2700 mm, 94.3800 mm): Segment of J6 on F.Silkscreen
[silk_over_copper]: Silkscreen clipped by solder mask
    Local override; warning
    @(168.6200 mm, 113.0000 mm): Reference field of J8
[silk_over_copper]: Silkscreen clipped by solder mask
    Local override; warning
    @(172.2700 mm, 111.6200 mm): Segment of J8 on F.Silkscreen
[silk_over_copper]: Silkscreen clipped by solder mask
    Local override; warning
    @(172.2700 mm, 114.3800 mm): Segment of J8 on F.Silkscreen
[silk_over_copper]: Silkscreen clipped by solder mask
    Local override; warning
    @(113.7500 mm, 103.0000 mm): Segment of D1 on F.Silkscreen
[silk_over_copper]: Silkscreen clipped by solder mask
    Local override; warning
    @(119.0000 mm, 130.5520 mm): Reference field of TP1
[silk_over_copper]: Silkscreen clipped by solder mask
    Local override; warning
    @(125.0000 mm, 130.5520 mm): Reference field of TP2
[silk_over_copper]: Silkscreen clipped by solder mask
    Local override; warning
    @(124.3000 mm, 131.3000 mm): Segment of TP2 on F.Silkscreen
[silk_over_copper]: Silkscreen clipped by solder mask
    Local override; warning
    @(124.3000 mm, 132.7000 mm): Segment of TP2 on F.Silkscreen
[silk_over_copper]: Silkscreen clipped by solder mask
    Local override; warning
    @(125.7000 mm, 132.7000 mm): Segment of TP2 on F.Silkscreen
[silk_over_copper]: Silkscreen clipped by solder mask
    Local override; warning
    @(167.7500 mm, 96.0000 mm): Segment of D3 on F.Silkscreen
[silk_over_copper]: Silkscreen clipped by solder mask
    Local override; warning
    @(168.1000 mm, 111.0000 mm): Segment of BT3 on F.Silkscreen
[silk_over_copper]: Silkscreen clipped by solder mask
    Local override; warning
    @(168.5000 mm, 121.7000 mm): Segment of BT3 on F.Silkscreen
[silk_over_copper]: Silkscreen clipped by solder mask
    Local override; warning
    @(113.7500 mm, 111.0000 mm): Segment of D11 on F.Silkscreen
[silk_over_copper]: Silkscreen clipped by solder mask
    Local override; warning
    @(168.6200 mm, 103.0000 mm): Reference field of J7
[silk_over_copper]: Silkscreen clipped by solder mask
    Local override; warning
    @(172.2700 mm, 101.6200 mm): Segment of J7 on F.Silkscreen
[silk_over_copper]: Silkscreen clipped by solder mask
    Local override; warning
    @(172.2700 mm, 104.3800 mm): Segment of J7 on F.Silkscreen
[silk_over_copper]: Silkscreen clipped by solder mask
    Local override; warning
    @(104.5550 mm, 57.4150 mm): Reference field of J_PC104_A
[silk_over_copper]: Silkscreen clipped by solder mask
    Local override; warning
    @(167.7500 mm, 91.0000 mm): Segment of D2 on F.Silkscreen
[silk_over_copper]: Silkscreen clipped by solder mask
    Local override; warning
    @(167.7500 mm, 93.0000 mm): Segment of D2 on F.Silkscreen
[silk_over_copper]: Silkscreen clipped by solder mask
    Local override; warning
    @(167.7500 mm, 111.0000 mm): Segment of D6 on F.Silkscreen
[silk_over_copper]: Silkscreen clipped by solder mask
    Local override; warning
    @(167.7500 mm, 113.0000 mm): Segment of D6 on F.Silkscreen
[silk_over_copper]: Silkscreen clipped by solder mask
    Local override; warning
    @(149.0000 mm, 130.5520 mm): Reference field of TP6
[silk_over_copper]: Silkscreen clipped by solder mask
    Local override; warning
    @(148.3000 mm, 131.3000 mm): Segment of TP6 on F.Silkscreen
[silk_over_copper]: Silkscreen clipped by solder mask
    Local override; warning
    @(148.3000 mm, 132.7000 mm): Segment of TP6 on F.Silkscreen
[silk_over_copper]: Silkscreen clipped by solder mask
    Local override; warning
    @(149.7000 mm, 132.7000 mm): Segment of TP6 on F.Silkscreen
[silk_over_copper]: Silkscreen clipped by solder mask
    Local override; warning
    @(167.7500 mm, 101.0000 mm): Segment of D4 on F.Silkscreen
[silk_over_copper]: Silkscreen clipped by solder mask
    Local override; warning
    @(167.7500 mm, 103.0000 mm): Segment of D4 on F.Silkscreen
[silk_over_copper]: Silkscreen clipped by solder mask
    Local override; warning
    @(167.7500 mm, 106.0000 mm): Segment of D5 on F.Silkscreen
[silk_over_copper]: Silkscreen clipped by solder mask
    Local override; warning
    @(137.0000 mm, 130.5520 mm): Reference field of TP4
[silk_over_copper]: Silkscreen clipped by solder mask
    Local override; warning
    @(136.3000 mm, 131.3000 mm): Segment of TP4 on F.Silkscreen
[silk_over_copper]: Silkscreen clipped by solder mask
    Local override; warning
    @(136.3000 mm, 132.7000 mm): Segment of TP4 on F.Silkscreen
[silk_over_copper]: Silkscreen clipped by solder mask
    Local override; warning
    @(137.7000 mm, 131.3000 mm): Segment of TP4 on F.Silkscreen
[silk_over_copper]: Silkscreen clipped by solder mask
    Local override; warning
    @(137.7000 mm, 132.7000 mm): Segment of TP4 on F.Silkscreen
[silk_overlap]: Silkscreen overlap
    Rule: board setup constraints silk; warning
    @(168.1000 mm, 111.0000 mm): Segment of BT3 on F.Silkscreen
    @(168.6200 mm, 113.0000 mm): Reference field of J8
[silk_overlap]: Silkscreen overlap
    Rule: board setup constraints silk; warning
    @(168.5000 mm, 121.7000 mm): Segment of BT3 on F.Silkscreen
    @(168.6200 mm, 113.0000 mm): Reference field of J8
[silk_overlap]: Silkscreen overlap
    Rule: board setup constraints silk; warning
    @(167.7500 mm, 113.0000 mm): Segment of D6 on F.Silkscreen
    @(168.6200 mm, 113.0000 mm): Reference field of J8
[silk_overlap]: Silkscreen overlap
    Rule: board setup constraints silk; warning
    @(167.7500 mm, 113.0000 mm): Segment of D6 on F.Silkscreen
    @(169.6200 mm, 114.3800 mm): Segment of J8 on F.Silkscreen
[silk_overlap]: Silkscreen overlap
    Rule: board setup constraints silk; warning
    @(168.1000 mm, 111.0000 mm): Segment of BT3 on F.Silkscreen
    @(167.7500 mm, 111.0000 mm): Segment of D6 on F.Silkscreen
[silk_overlap]: Silkscreen overlap
    Rule: board setup constraints silk; warning
    @(168.1000 mm, 111.0000 mm): Segment of BT3 on F.Silkscreen
    @(167.7500 mm, 113.0000 mm): Segment of D6 on F.Silkscreen
[silk_overlap]: Silkscreen overlap
    Rule: board setup constraints silk; warning
    @(167.7500 mm, 111.0000 mm): Segment of D6 on F.Silkscreen
    @(168.5000 mm, 121.7000 mm): Segment of BT3 on F.Silkscreen
[silk_overlap]: Silkscreen overlap
    Rule: board setup constraints silk; warning
    @(167.7500 mm, 113.0000 mm): Segment of D6 on F.Silkscreen
    @(168.5000 mm, 121.7000 mm): Segment of BT3 on F.Silkscreen
[silk_overlap]: Silkscreen overlap
    Rule: board setup constraints silk; warning
    @(167.7500 mm, 111.0000 mm): Segment of D6 on F.Silkscreen
    @(153.0000 mm, 111.0000 mm): Segment of BT3 on F.Silkscreen
[silk_overlap]: Silkscreen overlap
    Rule: board setup constraints silk; warning
    @(137.0000 mm, 130.5520 mm): Reference field of TP4
    @(137.1000 mm, 130.3900 mm): Segment of U3 on F.Silkscreen
[silk_overlap]: Silkscreen overlap
    Rule: board setup constraints silk; warning
    @(137.0000 mm, 130.5520 mm): Reference field of TP4
    @(137.1000 mm, 130.3900 mm): Segment of U3 on F.Silkscreen
[silk_overlap]: Silkscreen overlap
    Rule: board setup constraints silk; warning
    @(135.8000 mm, 130.4400 mm): Polygon of U3 on F.Silkscreen
    @(137.0000 mm, 130.5520 mm): Reference field of TP4
[silk_overlap]: Silkscreen overlap
    Rule: board setup constraints silk; warning
    @(147.1000 mm, 130.3900 mm): Segment of U6 on F.Silkscreen
    @(149.0000 mm, 130.5520 mm): Reference field of TP6
[silk_overlap]: Silkscreen overlap
    Rule: board setup constraints silk; warning
    @(131.4300 mm, 101.0600 mm): Segment of L1 on F.Silkscreen
    @(132.0000 mm, 101.7000 mm): Reference field of U1
[silk_overlap]: Silkscreen overlap
    Rule: board setup constraints silk; warning
    @(153.0000 mm, 111.0000 mm): Segment of BT3 on F.Silkscreen
    @(167.7500 mm, 111.0000 mm): Segment of D6 on F.Silkscreen
[silk_overlap]: Silkscreen overlap
    Rule: board setup constraints silk; warning
    @(168.5000 mm, 110.2000 mm): Segment of BT3 on F.Silkscreen
    @(116.0000 mm, 110.0000 mm): Reference field of D11
[silk_overlap]: Silkscreen overlap
    Rule: board setup constraints silk; warning
    @(168.6200 mm, 83.0000 mm): Reference field of J5
    @(168.1000 mm, 75.0000 mm): Segment of BT1 on F.Silkscreen
[silk_overlap]: Silkscreen overlap
    Rule: board setup constraints silk; warning
    @(168.6200 mm, 83.0000 mm): Reference field of J5
    @(168.5000 mm, 85.7000 mm): Segment of BT1 on F.Silkscreen
[silk_overlap]: Silkscreen overlap
    Rule: board setup constraints silk; warning
    @(167.7500 mm, 93.0000 mm): Segment of D2 on F.Silkscreen
    @(168.6200 mm, 93.0000 mm): Reference field of J6
[silk_overlap]: Silkscreen overlap
    Rule: board setup constraints silk; warning
    @(170.0000 mm, 95.0000 mm): Reference field of D3
    @(169.6200 mm, 94.3800 mm): Segment of J6 on F.Silkscreen
[silk_overlap]: Silkscreen overlap
    Rule: board setup constraints silk; warning
    @(167.7500 mm, 93.0000 mm): Segment of D2 on F.Silkscreen
    @(169.6200 mm, 94.3800 mm): Segment of J6 on F.Silkscreen
[silk_overlap]: Silkscreen overlap
    Rule: board setup constraints silk; warning
    @(170.0000 mm, 95.0000 mm): Reference field of D3
    @(171.0000 mm, 94.3800 mm): Segment of J6 on F.Silkscreen
[silk_overlap]: Silkscreen overlap
    Rule: board setup constraints silk; warning
    @(167.7500 mm, 103.0000 mm): Segment of D4 on F.Silkscreen
    @(168.6200 mm, 103.0000 mm): Reference field of J7
[silk_overlap]: Silkscreen overlap
    Rule: board setup constraints silk; warning
    @(170.0000 mm, 105.0000 mm): Reference field of D5
    @(169.6200 mm, 104.3800 mm): Segment of J7 on F.Silkscreen
[silk_overlap]: Silkscreen overlap
    Rule: board setup constraints silk; warning
    @(171.0000 mm, 104.3800 mm): Segment of J7 on F.Silkscreen
    @(170.0000 mm, 105.0000 mm): Reference field of D5
[silk_overlap]: Silkscreen overlap
    Rule: board setup constraints silk; warning
    @(167.7500 mm, 103.0000 mm): Segment of D4 on F.Silkscreen
    @(169.6200 mm, 104.3800 mm): Segment of J7 on F.Silkscreen
[silk_overlap]: Silkscreen overlap
    Rule: board setup constraints silk; warning
    @(125.0000 mm, 130.5520 mm): Reference field of TP2
    @(124.8000 mm, 130.4400 mm): Polygon of U11 on F.Silkscreen
[silk_overlap]: Silkscreen overlap
    Rule: board setup constraints silk; warning
    @(125.0000 mm, 130.5520 mm): Reference field of TP2
    @(126.1000 mm, 130.3900 mm): Segment of U11 on F.Silkscreen
[silk_overlap]: Silkscreen overlap
    Rule: board setup constraints silk; warning
    @(125.0000 mm, 130.5520 mm): Reference field of TP2
    @(126.1000 mm, 130.3900 mm): Segment of U11 on F.Silkscreen
[silk_overlap]: Silkscreen overlap
    Rule: board setup constraints silk; warning
    @(104.5550 mm, 57.4150 mm): Reference field of J_PC104_A
    @(101.6500 mm, 58.0750 mm): Circle of J_PC104_B on F.Silkscreen
[silk_overlap]: Silkscreen overlap
    Rule: board setup constraints silk; warning
    @(104.5550 mm, 57.4150 mm): Reference field of J_PC104_A
    @(102.3000 mm, 59.3450 mm): Segment of J_PC104_B on F.Silkscreen
[silk_overlap]: Silkscreen overlap
    Rule: board setup constraints silk; warning
    @(102.3800 mm, 64.3800 mm): Segment of J_PC104_A on F.Silkscreen
    @(102.3000 mm, 59.3450 mm): Segment of J_PC104_B on F.Silkscreen
[silk_overlap]: Silkscreen overlap
    Rule: board setup constraints silk; warning
    @(102.3000 mm, 59.3450 mm): Segment of J_PC104_B on F.Silkscreen
    @(168.4200 mm, 59.3000 mm): Segment of J_PC104_A on F.Silkscreen
[silk_overlap]: Silkscreen overlap
    Rule: board setup constraints silk; warning
    @(102.3800 mm, 64.3800 mm): Segment of J_PC104_A on F.Silkscreen
    @(168.3400 mm, 59.3450 mm): Segment of J_PC104_B on F.Silkscreen
[silk_overlap]: Silkscreen overlap
    Rule: board setup constraints silk; warning
    @(168.3400 mm, 54.2650 mm): Segment of J_PC104_B on F.Silkscreen
    @(168.4200 mm, 59.3000 mm): Segment of J_PC104_A on F.Silkscreen
[silk_overlap]: Silkscreen overlap
    Rule: board setup constraints silk; warning
    @(168.3400 mm, 59.3450 mm): Segment of J_PC104_B on F.Silkscreen
    @(168.4200 mm, 59.3000 mm): Segment of J_PC104_A on F.Silkscreen
[silk_overlap]: Silkscreen overlap
    Rule: board setup constraints silk; warning
    @(168.4200 mm, 59.3000 mm): Segment of J_PC104_A on F.Silkscreen
    @(168.3400 mm, 54.2650 mm): Segment of J_PC104_B on F.Silkscreen
[silk_overlap]: Silkscreen overlap
    Rule: board setup constraints silk; warning
    @(168.4200 mm, 59.3000 mm): Segment of J_PC104_A on F.Silkscreen
    @(168.3400 mm, 59.3450 mm): Segment of J_PC104_B on F.Silkscreen

** Found 84 unconnected pads **
[unconnected_items]: Missing connection between items
    Local override; error
    @(133.9375 mm, 103.7500 mm): Pad 18 [~{CHRG}] of U1 on F.Cu
    @(123.4375 mm, 103.7500 mm): Pad 18 [~{CHRG}] of U9 on F.Cu
[unconnected_items]: Missing connection between items
    Local override; error
    @(137.0000 mm, 137.0000 mm): PTH pad 1 [~{CHRG}] of TP13
    @(143.0000 mm, 132.0000 mm): PTH pad 1 [~{CHRG}] of TP5
[unconnected_items]: Missing connection between items
    Local override; error
    @(143.0000 mm, 132.0000 mm): PTH pad 1 [~{CHRG}] of TP5
    @(133.9375 mm, 103.7500 mm): Pad 18 [~{CHRG}] of U1 on F.Cu
[unconnected_items]: Missing connection between items
    Local override; error
    @(121.2900 mm, 99.0000 mm): Pad 2 [+3.3V] of U4 on F.Cu
    @(121.2900 mm, 99.9500 mm): Pad 3 [+3.3V] of U4 on F.Cu
[unconnected_items]: Missing connection between items
    Local override; error
    @(121.2500 mm, 106.9375 mm): Pad 9 [VIN] of U9 on F.Cu
    @(131.7500 mm, 106.9375 mm): Pad 9 [VIN] of U1 on F.Cu
[unconnected_items]: Missing connection between items
    Local override; error
    @(131.7500 mm, 106.9375 mm): Pad 9 [VIN] of U1 on F.Cu
    @(141.2900 mm, 98.0300 mm): Pad 1 [VIN] of U84 on F.Cu
[unconnected_items]: Missing connection between items
    Local override; error
    @(141.2900 mm, 98.0300 mm): Pad 1 [VIN] of U84 on F.Cu
    @(150.8500 mm, 104.7500 mm): Pad 4 [VIN] of U16 on F.Cu
[unconnected_items]: Missing connection between items
    Local override; error
    @(150.8500 mm, 104.7500 mm): Pad 4 [VIN] of U16 on F.Cu
    @(150.8500 mm, 105.2500 mm): Pad 5 [VIN] of U16 on F.Cu
[unconnected_items]: Missing connection between items
    Local override; error
    @(150.8500 mm, 105.7500 mm): Pad 6 [VIN] of U16 on F.Cu
    @(150.8500 mm, 105.2500 mm): Pad 5 [VIN] of U16 on F.Cu
[unconnected_items]: Missing connection between items
    Local override; error
    @(160.8500 mm, 104.7500 mm): Pad 4 [VIN] of U2 on F.Cu
    @(150.8500 mm, 104.7500 mm): Pad 4 [VIN] of U16 on F.Cu
[unconnected_items]: Missing connection between items
    Local override; error
    @(160.8500 mm, 105.2500 mm): Pad 5 [VIN] of U2 on F.Cu
    @(160.8500 mm, 104.7500 mm): Pad 4 [VIN] of U2 on F.Cu
[unconnected_items]: Missing connection between items
    Local override; error
    @(160.8500 mm, 105.7500 mm): Pad 6 [VIN] of U2 on F.Cu
    @(160.8500 mm, 105.2500 mm): Pad 5 [VIN] of U2 on F.Cu
[unconnected_items]: Missing connection between items
    Local override; error
    @(131.0000 mm, 137.0000 mm): PTH pad 1 [POL] of TP12
    @(137.0000 mm, 132.0000 mm): PTH pad 1 [POL] of TP4
[unconnected_items]: Missing connection between items
    Local override; error
    @(133.2500 mm, 103.0625 mm): Pad 19 [POL] of U1 on F.Cu
    @(122.7500 mm, 103.0625 mm): Pad 19 [POL] of U9 on F.Cu
[unconnected_items]: Missing connection between items
    Local override; error
    @(137.0000 mm, 132.0000 mm): PTH pad 1 [POL] of TP4
    @(133.2500 mm, 103.0625 mm): Pad 19 [POL] of U1 on F.Cu
[unconnected_items]: Missing connection between items
    Local override; error
    @(108.0000 mm, 124.0000 mm): PTH pad 1 [NTC] of TH1
    @(117.3500 mm, 132.9500 mm): Pad 4 [NTC] of U10 on F.Cu
[unconnected_items]: Missing connection between items
    Local override; error
    @(123.4375 mm, 105.7500 mm): Pad 14 [NTC] of U9 on F.Cu
    @(108.0000 mm, 124.0000 mm): PTH pad 1 [NTC] of TH1
[unconnected_items]: Missing connection between items
    Local override; error
    @(133.9375 mm, 105.7500 mm): Pad 14 [NTC] of U1 on F.Cu
    @(123.4375 mm, 105.7500 mm): Pad 14 [NTC] of U9 on F.Cu
[unconnected_items]: Missing connection between items
    Local override; error
    @(117.3500 mm, 131.0500 mm): Pad 6 [VHEAT] of U10 on F.Cu
    @(124.6500 mm, 131.0500 mm): Pad 1 [VHEAT] of U11 on F.Cu
[unconnected_items]: Missing connection between items
    Local override; error
    @(90.5550 mm, 90.7500 mm): Pad A12 [GND] of J1 on F.Cu
    @(90.5550 mm, 97.2500 mm): Pad B12 [GND] of J1 on F.Cu
[unconnected_items]: Missing connection between items
    Local override; error
    @(91.4700 mm, 89.6800 mm): PTH pad S1 [GND] of J1
    @(90.5550 mm, 90.7500 mm): Pad A12 [GND] of J1 on F.Cu
[unconnected_items]: Missing connection between items
    Local override; error
    @(91.4700 mm, 98.3200 mm): PTH pad S1 [GND] of J1
    @(90.5550 mm, 97.2500 mm): Pad B12 [GND] of J1 on F.Cu
[unconnected_items]: Missing connection between items
    Local override; error
    @(91.4700 mm, 98.3200 mm): PTH pad S1 [GND] of J1
    @(95.6500 mm, 98.3200 mm): PTH pad S1 [GND] of J1
[unconnected_items]: Missing connection between items
    Local override; error
    @(95.6500 mm, 89.6800 mm): PTH pad S1 [GND] of J1
    @(91.4700 mm, 89.6800 mm): PTH pad S1 [GND] of J1
[unconnected_items]: Missing connection between items
    Local override; error
    @(95.6500 mm, 98.3200 mm): PTH pad S1 [GND] of J1
    @(104.5100 mm, 95.4000 mm): Pad 1 [GND] of R23 on F.Cu
[unconnected_items]: Missing connection between items
    Local override; error
    @(101.2700 mm, 124.0000 mm): PTH pad 2 [GND] of J2
    @(109.2700 mm, 124.0000 mm): PTH pad 2 [GND] of TH1
[unconnected_items]: Missing connection between items
    Local override; error
    @(104.5100 mm, 95.4000 mm): Pad 1 [GND] of R23 on F.Cu
    @(104.5100 mm, 92.6000 mm): Pad 1 [GND] of R22 on F.Cu
[unconnected_items]: Missing connection between items
    Local override; error
    @(109.2700 mm, 124.0000 mm): PTH pad 2 [GND] of TH1
    @(120.7500 mm, 105.7000 mm): PTH pad 25 [GND] of U9
[unconnected_items]: Missing connection between items
    Local override; error
    @(114.6500 mm, 132.0000 mm): Pad 2 [GND] of U10 on F.Cu
    @(109.2700 mm, 124.0000 mm): PTH pad 2 [GND] of TH1
[unconnected_items]: Missing connection between items
    Local override; error
    @(114.6500 mm, 132.0000 mm): Pad 2 [GND] of U10 on F.Cu
    @(124.6500 mm, 132.0000 mm): Pad 2 [GND] of U11 on F.Cu
[unconnected_items]: Missing connection between items
    Local override; error
    @(115.2900 mm, 93.0500 mm): Pad 1 [GND] of U5 on F.Cu
    @(104.5100 mm, 92.6000 mm): Pad 1 [GND] of R22 on F.Cu
[unconnected_items]: Missing connection between items
    Local override; error
    @(120.7500 mm, 104.3000 mm): PTH pad 25 [GND] of U9
    @(121.2900 mm, 98.0500 mm): Pad 1 [GND] of U4 on F.Cu
[unconnected_items]: Missing connection between items
    Local override; error
    @(121.2900 mm, 98.0500 mm): Pad 1 [GND] of U4 on F.Cu
    @(115.2900 mm, 93.0500 mm): Pad 1 [GND] of U5 on F.Cu
[unconnected_items]: Missing connection between items
    Local override; error
    @(122.2500 mm, 104.3000 mm): PTH pad 25 [GND] of U9
    @(123.4375 mm, 104.7500 mm): Pad 16 [GND] of U9 on F.Cu
[unconnected_items]: Missing connection between items
    Local override; error
    @(131.2500 mm, 104.3000 mm): PTH pad 25 [GND] of U1
    @(123.4375 mm, 104.7500 mm): Pad 16 [GND] of U9 on F.Cu
[unconnected_items]: Missing connection between items
    Local override; error
    @(133.9375 mm, 104.7500 mm): Pad 16 [GND] of U1 on F.Cu
    @(132.7500 mm, 104.3000 mm): PTH pad 25 [GND] of U1
[unconnected_items]: Missing connection between items
    Local override; error
    @(133.9375 mm, 104.7500 mm): Pad 16 [GND] of U1 on F.Cu
    @(142.0500 mm, 105.0000 mm): PTH pad 17 [GND] of U15
[unconnected_items]: Missing connection between items
    Local override; error
    @(142.0500 mm, 103.9500 mm): PTH pad 17 [GND] of U15
    @(141.2900 mm, 99.9700 mm): Pad 4 [GND] of U84 on F.Cu
[unconnected_items]: Missing connection between items
    Local override; error
    @(144.7100 mm, 99.9700 mm): Pad 5 [GND] of U84 on F.Cu
    @(144.7100 mm, 99.3300 mm): Pad 6 [GND] of U84 on F.Cu
[unconnected_items]: Missing connection between items
    Local override; error
    @(144.7100 mm, 99.9700 mm): Pad 5 [GND] of U84 on F.Cu
    @(141.2900 mm, 99.9700 mm): Pad 4 [GND] of U84 on F.Cu
[unconnected_items]: Missing connection between items
    Local override; error
    @(144.7100 mm, 99.9700 mm): Pad 5 [GND] of U84 on F.Cu
    @(150.8500 mm, 103.2500 mm): Pad 1 [GND] of U16 on F.Cu
[unconnected_items]: Missing connection between items
    Local override; error
    @(150.8500 mm, 103.2500 mm): Pad 1 [GND] of U16 on F.Cu
    @(152.5500 mm, 103.9500 mm): PTH pad 17 [GND] of U16
[unconnected_items]: Missing connection between items
    Local override; error
    @(156.0000 mm, 82.5400 mm): PTH pad 2 [GND] of BT1
    @(156.0000 mm, 77.4600 mm): PTH pad 2 [GND] of BT1
[unconnected_items]: Missing connection between items
    Local override; error
    @(156.0000 mm, 82.5400 mm): PTH pad 2 [GND] of BT1
    @(144.7100 mm, 99.3300 mm): Pad 6 [GND] of U84 on F.Cu
[unconnected_items]: Missing connection between items
    Local override; error
    @(160.8500 mm, 103.2500 mm): Pad 1 [GND] of U2 on F.Cu
    @(162.5500 mm, 103.9500 mm): PTH pad 17 [GND] of U2
[unconnected_items]: Missing connection between items
    Local override; error
    @(160.8500 mm, 103.2500 mm): Pad 1 [GND] of U2 on F.Cu
    @(153.4500 mm, 103.9500 mm): PTH pad 17 [GND] of U16
[unconnected_items]: Missing connection between items
    Local override; error
    @(163.6200 mm, 80.0000 mm): PTH pad 2 [GND] of BT1
    @(156.0000 mm, 82.5400 mm): PTH pad 2 [GND] of BT1
[unconnected_items]: Missing connection between items
    Local override; error
    @(176.0800 mm, 73.0000 mm): PTH pad 3 [GND] of J4
    @(163.6200 mm, 80.0000 mm): PTH pad 2 [GND] of BT1
[unconnected_items]: Missing connection between items
    Local override; error
    @(178.6200 mm, 73.0000 mm): PTH pad 4 [GND] of J4
    @(176.0800 mm, 73.0000 mm): PTH pad 3 [GND] of J4
[unconnected_items]: Missing connection between items
    Local override; error
    @(125.0000 mm, 137.0000 mm): PTH pad 1 [SHDN] of TP11
    @(131.0000 mm, 132.0000 mm): PTH pad 1 [SHDN] of TP3
[unconnected_items]: Missing connection between items
    Local override; error
    @(131.0000 mm, 132.0000 mm): PTH pad 1 [SHDN] of TP3
    @(133.2500 mm, 106.9375 mm): Pad 12 [SHDN] of U1 on F.Cu
[unconnected_items]: Missing connection between items
    Local override; error
    @(133.2500 mm, 106.9375 mm): Pad 12 [SHDN] of U1 on F.Cu
    @(122.7500 mm, 106.9375 mm): Pad 12 [SHDN] of U9 on F.Cu
[unconnected_items]: Missing connection between items
    Local override; error
    @(133.9375 mm, 104.2500 mm): Pad 17 [~{ACPR}] of U1 on F.Cu
    @(123.4375 mm, 104.2500 mm): Pad 17 [~{ACPR}] of U9 on F.Cu
[unconnected_items]: Missing connection between items
    Local override; error
    @(143.0000 mm, 137.0000 mm): PTH pad 1 [~{ACPR}] of TP14
    @(149.0000 mm, 132.0000 mm): PTH pad 1 [~{ACPR}] of TP6
[unconnected_items]: Missing connection between items
    Local override; error
    @(149.0000 mm, 132.0000 mm): PTH pad 1 [~{ACPR}] of TP6
    @(133.9375 mm, 104.2500 mm): Pad 17 [~{ACPR}] of U1 on F.Cu
[unconnected_items]: Missing connection between items
    Local override; error
    @(119.0000 mm, 132.0000 mm): PTH pad 1 [CLDIS] of TP1
    @(132.2500 mm, 106.9375 mm): Pad 10 [CLDIS] of U1 on F.Cu
[unconnected_items]: Missing connection between items
    Local override; error
    @(125.0000 mm, 132.0000 mm): PTH pad 1 [SUSP] of TP2
    @(132.7500 mm, 106.9375 mm): Pad 11 [SUSP] of U1 on F.Cu
[unconnected_items]: Missing connection between items
    Local override; error
    @(114.3500 mm, 104.0000 mm): Pad 1 [VOUT] of D1 on F.Cu
    @(114.3500 mm, 112.0000 mm): Pad 1 [VOUT] of D11 on F.Cu
[unconnected_items]: Missing connection between items
    Local override; error
    @(119.5625 mm, 103.7500 mm): Pad 1 [VOUT] of U9 on F.Cu
    @(114.3500 mm, 104.0000 mm): Pad 1 [VOUT] of D1 on F.Cu
[unconnected_items]: Missing connection between items
    Local override; error
    @(119.5625 mm, 104.7500 mm): Pad 3 [VOUT] of U9 on F.Cu
    @(119.5625 mm, 103.7500 mm): Pad 1 [VOUT] of U9 on F.Cu
[unconnected_items]: Missing connection between items
    Local override; error
    @(120.7500 mm, 106.9375 mm): Pad 8 [VOUT] of U9 on F.Cu
    @(119.5625 mm, 104.7500 mm): Pad 3 [VOUT] of U9 on F.Cu
[unconnected_items]: Missing connection between items
    Local override; error
    @(130.0625 mm, 103.7500 mm): Pad 1 [VOUT] of U1 on F.Cu
    @(141.2900 mm, 98.6700 mm): Pad 2 [VOUT] of U84 on F.Cu
[unconnected_items]: Missing connection between items
    Local override; error
    @(130.0625 mm, 104.7500 mm): Pad 3 [VOUT] of U1 on F.Cu
    @(130.0625 mm, 103.7500 mm): Pad 1 [VOUT] of U1 on F.Cu
[unconnected_items]: Missing connection between items
    Local override; error
    @(130.0625 mm, 104.7500 mm): Pad 3 [VOUT] of U1 on F.Cu
    @(131.2500 mm, 106.9375 mm): Pad 8 [VOUT] of U1 on F.Cu
[unconnected_items]: Missing connection between items
    Local override; error
    @(130.0625 mm, 104.7500 mm): Pad 3 [VOUT] of U1 on F.Cu
    @(120.7500 mm, 106.9375 mm): Pad 8 [VOUT] of U9 on F.Cu
[unconnected_items]: Missing connection between items
    Local override; error
    @(141.2900 mm, 98.6700 mm): Pad 2 [VOUT] of U84 on F.Cu
    @(155.1500 mm, 104.2500 mm): Pad 14 [VOUT] of U16 on F.Cu
[unconnected_items]: Missing connection between items
    Local override; error
    @(165.1500 mm, 104.2500 mm): Pad 14 [VOUT] of U2 on F.Cu
    @(155.1500 mm, 104.2500 mm): Pad 14 [VOUT] of U16 on F.Cu
[unconnected_items]: Missing connection between items
    Local override; error
    @(90.5550 mm, 91.5500 mm): Pad A9 [VBUS] of J1 on F.Cu
    @(90.5550 mm, 96.4500 mm): Pad A4 [VBUS] of J1 on F.Cu
[unconnected_items]: Missing connection between items
    Local override; error
    @(90.5550 mm, 95.2500 mm): Pad A5 [Net-(J1-CC1)] of J1 on F.Cu
    @(103.4900 mm, 92.6000 mm): Pad 2 [Net-(J1-CC1)] of R22 on F.Cu
[unconnected_items]: Missing connection between items
    Local override; error
    @(90.5550 mm, 92.2500 mm): Pad B5 [Net-(J1-CC2)] of J1 on F.Cu
    @(103.4900 mm, 95.4000 mm): Pad 2 [Net-(J1-CC2)] of R23 on F.Cu
[unconnected_items]: Missing connection between items
    Local override; error
    @(140.3500 mm, 106.2500 mm): Pad 7 [VIN2] of U15 on F.Cu
    @(140.3500 mm, 106.7500 mm): Pad 8 [VIN2] of U15 on F.Cu
[unconnected_items]: Missing connection between items
    Local override; error
    @(140.3500 mm, 103.2500 mm): Pad 1 [VIN1] of U15 on F.Cu
    @(140.3500 mm, 103.7500 mm): Pad 2 [VIN1] of U15 on F.Cu
[unconnected_items]: Missing connection between items
    Local override; error
    @(150.8500 mm, 106.7500 mm): Pad 8 [MPPC] of U16 on F.Cu
    @(160.8500 mm, 106.7500 mm): Pad 8 [MPPC] of U2 on F.Cu
[unconnected_items]: Missing connection between items
    Local override; error
    @(120.2500 mm, 103.0625 mm): Pad 24 [ISTAT] of U9 on F.Cu
    @(130.7500 mm, 103.0625 mm): Pad 24 [ISTAT] of U1 on F.Cu
[unconnected_items]: Missing connection between items
    Local override; error
    @(144.6500 mm, 103.2500 mm): Pad 16 [VOUT1] of U15 on F.Cu
    @(144.6500 mm, 103.7500 mm): Pad 15 [VOUT1] of U15 on F.Cu
[unconnected_items]: Missing connection between items
    Local override; error
    @(119.5625 mm, 104.2500 mm): Pad 2 [BAT] of U9 on F.Cu
    @(119.5625 mm, 105.2500 mm): Pad 4 [BAT] of U9 on F.Cu
[unconnected_items]: Missing connection between items
    Local override; error
    @(119.5625 mm, 105.2500 mm): Pad 4 [BAT] of U9 on F.Cu
    @(119.5625 mm, 105.7500 mm): Pad 5 [BAT] of U9 on F.Cu
[unconnected_items]: Missing connection between items
    Local override; error
    @(130.0625 mm, 105.2500 mm): Pad 4 [BAT] of U1 on F.Cu
    @(130.0625 mm, 104.2500 mm): Pad 2 [BAT] of U1 on F.Cu
[unconnected_items]: Missing connection between items
    Local override; error
    @(130.0625 mm, 105.2500 mm): Pad 4 [BAT] of U1 on F.Cu
    @(119.5625 mm, 105.2500 mm): Pad 4 [BAT] of U9 on F.Cu
[unconnected_items]: Missing connection between items
    Local override; error
    @(130.0625 mm, 105.7500 mm): Pad 5 [BAT] of U1 on F.Cu
    @(130.0625 mm, 105.2500 mm): Pad 4 [BAT] of U1 on F.Cu
[unconnected_items]: Missing connection between items
    Local override; error
    @(144.6500 mm, 106.2500 mm): Pad 10 [VOUT2] of U15 on F.Cu
    @(144.6500 mm, 106.7500 mm): Pad 9 [VOUT2] of U15 on F.Cu
[unconnected_items]: Missing connection between items
    Local override; error
    @(150.8500 mm, 106.2500 mm): Pad 7 [VCC] of U16 on F.Cu
    @(160.8500 mm, 106.2500 mm): Pad 7 [VCC] of U2 on F.Cu
[unconnected_items]: Missing connection between items
    Local override; error
    @(123.4375 mm, 105.2500 mm): Pad 15 [VNTC] of U9 on F.Cu
    @(133.9375 mm, 105.2500 mm): Pad 15 [VNTC] of U1 on F.Cu
[unconnected_items]: Missing connection between items
    Local override; error
    @(155.1500 mm, 104.7500 mm): Pad 13 [PGOOD] of U16 on F.Cu
    @(165.1500 mm, 104.7500 mm): Pad 13 [PGOOD] of U2 on F.Cu

** Found 0 Footprint errors **

** End of Report **
